[backblue.gif]
[fade.gif]
[index.html]
[demo.themefisher.com/elite-shop-bootstrap/index.html]
[demo.themefisher.com/elite-shop-bootstrap/images/favicon.png]
[demo.themefisher.com/elite-shop-bootstrap/images/preloader.gif]
[demo.themefisher.com/elite-shop-bootstrap/plugins/bootstrap/bootstrap.min.css]
[demo.themefisher.com/elite-shop-bootstrap/images/flag.jpg]
[demo.themefisher.com/elite-shop-bootstrap/images/logo.png]
[demo.themefisher.com/elite-shop-bootstrap/plugins/themify-icons/themify-icons.css]
[demo.themefisher.com/elite-shop-bootstrap/plugins/slick/slick.css]
[demo.themefisher.com/elite-shop-bootstrap/plugins/venobox/venobox.css]
[demo.themefisher.com/elite-shop-bootstrap/plugins/animate/animate.css]
[demo.themefisher.com/elite-shop-bootstrap/plugins/aos/aos.css]
[demo.themefisher.com/elite-shop-bootstrap/plugins/bootstrap-touchspin-master/jquery.bootstrap-touchspin.min.css]
[demo.themefisher.com/elite-shop-bootstrap/plugins/nice-select/nice-select.css]
[demo.themefisher.com/elite-shop-bootstrap/images/mega-megu.jpg]
[demo.themefisher.com/elite-shop-bootstrap/plugins/bootstrap-slider/bootstrap-slider.min.css]
[demo.themefisher.com/elite-shop-bootstrap/images/cart/product-1.jpg]
[demo.themefisher.com/elite-shop-bootstrap/images/cart/product-2.jpg]
[demo.themefisher.com/elite-shop-bootstrap/images/hero-area/converse.png]
[demo.themefisher.com/elite-shop-bootstrap/images/hero-area/bag.png]
[demo.themefisher.com/elite-shop-bootstrap/css/style.css]
[demo.themefisher.com/elite-shop-bootstrap/images/categories/product-big-1.jpg]
[demo.themefisher.com/elite-shop-bootstrap/login.html]
[demo.themefisher.com/elite-shop-bootstrap/images/categories/product-sm-3.jpg]
[demo.themefisher.com/elite-shop-bootstrap/images/categories/product-sm-1.jpg]
[demo.themefisher.com/elite-shop-bootstrap/images/categories/product-sm-2.jpg]
[demo.themefisher.com/elite-shop-bootstrap/images/categories/product-sm-9.jpg]
[demo.themefisher.com/elite-shop-bootstrap/images/categories/product-sm-8.jpg]
[demo.themefisher.com/elite-shop-bootstrap/images/feature/product.png]
[demo.themefisher.com/elite-shop-bootstrap/images/backgrounds/cta.jpg]
[demo.themefisher.com/elite-shop-bootstrap/shop.html]
[demo.themefisher.com/elite-shop-bootstrap/images/collection/product-4.jpg]
[demo.themefisher.com/elite-shop-bootstrap/images/collection/product-2.jpg]
[demo.themefisher.com/elite-shop-bootstrap/images/collection/product-1.jpg]
[demo.themefisher.com/elite-shop-bootstrap/images/collection/product-5.jpg]
[demo.themefisher.com/elite-shop-bootstrap/shop-list.html]
[demo.themefisher.com/elite-shop-bootstrap/images/collection/product-3.jpg]
[demo.themefisher.com/elite-shop-bootstrap/images/collection/product-8.jpg]
[demo.themefisher.com/elite-shop-bootstrap/images/backgrounds/deal.jpg]
[demo.themefisher.com/elite-shop-bootstrap/images/deal/product.png]
[demo.themefisher.com/elite-shop-bootstrap/product-single.html]
[demo.themefisher.com/elite-shop-bootstrap/{{link}}.html]
[demo.themefisher.com/elite-shop-bootstrap/images/instagram/item-2.png]
[demo.themefisher.com/elite-shop-bootstrap/images/instagram/item-1.png]
[demo.themefisher.com/elite-shop-bootstrap/images/instagram/item-3.png]
[demo.themefisher.com/elite-shop-bootstrap/cart.html]
[demo.themefisher.com/elite-shop-bootstrap/images/instagram/item-4.png]
[demo.themefisher.com/elite-shop-bootstrap/images/instagram/item-5.png]
[demo.themefisher.com/elite-shop-bootstrap/shipping.html]
[demo.themefisher.com/elite-shop-bootstrap/images/newsletter-popup.jpg]
[demo.themefisher.com/elite-shop-bootstrap/images/instagram/item-6.png]
[demo.themefisher.com/elite-shop-bootstrap/payment.html]
[demo.themefisher.com/elite-shop-bootstrap/images/payment-card/card-4.jpg]
[demo.themefisher.com/elite-shop-bootstrap/plugins/jQuery/jquery.min.js]
[demo.themefisher.com/elite-shop-bootstrap/plugins/bootstrap/bootstrap.min.js]
[demo.themefisher.com/elite-shop-bootstrap/plugins/slick/slick.min.js]
[demo.themefisher.com/elite-shop-bootstrap/review.html]
[demo.themefisher.com/elite-shop-bootstrap/plugins/aos/aos.js]
[demo.themefisher.com/elite-shop-bootstrap/plugins/venobox/venobox.min.js]
[demo.themefisher.com/elite-shop-bootstrap/plugins/syotimer/jquery.syotimer.js]
[demo.themefisher.com/elite-shop-bootstrap/plugins/instafeed/instafeed.min.js]
[demo.themefisher.com/elite-shop-bootstrap/confirmation.html]
[demo.themefisher.com/elite-shop-bootstrap/track.html]
[demo.themefisher.com/elite-shop-bootstrap/about.html]
[demo.themefisher.com/elite-shop-bootstrap/contact.html]
[demo.themefisher.com/elite-shop-bootstrap/signin.html]
[demo.themefisher.com/elite-shop-bootstrap/forget-password.html]
[demo.themefisher.com/elite-shop-bootstrap/dashboard.html]
[demo.themefisher.com/elite-shop-bootstrap/faq.html]
[demo.themefisher.com/elite-shop-bootstrap/404.html]
[demo.themefisher.com/elite-shop-bootstrap/coming-soon.html]
[demo.themefisher.com/elite-shop-bootstrap/images/team/team-member-2.jpg]
[demo.themefisher.com/elite-shop-bootstrap/blog-grid.html]
[demo.themefisher.com/elite-shop-bootstrap/images/team/team-member-3.jpg]
[demo.themefisher.com/elite-shop-bootstrap/images/avater.jpg]
[demo.themefisher.com/elite-shop-bootstrap/images/backgrounds/coming-soon.jpg]
[demo.themefisher.com/elite-shop-bootstrap/images/blog/blog-post-3.jpg]
[demo.themefisher.com/elite-shop-bootstrap/images/blog/blog-post-4.jpg]
[demo.themefisher.com/elite-shop-bootstrap/blog-single.html]
[demo.themefisher.com/elite-shop-bootstrap/images/blog/blog-post-1.jpg]
[demo.themefisher.com/elite-shop-bootstrap/images/blog/member-2.jpg]
[demo.themefisher.com/elite-shop-bootstrap/images/blog/member-1.jpg]
[demo.themefisher.com/elite-shop-bootstrap/images/blog/blog-post-2.jpg]
[demo.themefisher.com/elite-shop-bootstrap/images/blog/member-3.jpg]
[demo.themefisher.com/elite-shop-bootstrap/images/categories/product-big-2.jpg]
[demo.themefisher.com/elite-shop-bootstrap/images/categories/product-sm-4.jpg]
[demo.themefisher.com/elite-shop-bootstrap/images/categories/product-sm-5.jpg]
[demo.themefisher.com/elite-shop-bootstrap/images/categories/product-sm-6.jpg]
[demo.themefisher.com/elite-shop-bootstrap/images/categories/product-big-3.jpg]
[demo.themefisher.com/elite-shop-bootstrap/images/categories/product-sm-7.jpg]
[demo.themefisher.com/elite-shop-bootstrap/images/collection/product-6.jpg]
[demo.themefisher.com/elite-shop-bootstrap/images/collection/product-7.jpg]
[demo.themefisher.com/elite-shop-bootstrap/{{link}}.html]
[demo.themefisher.com/elite-shop-bootstrap/images/logo-alt.png]
[demo.themefisher.com/elite-shop-bootstrap/images/payment-card/card-1.jpg]
[demo.themefisher.com/elite-shop-bootstrap/images/payment-card/card-2.jpg]
[demo.themefisher.com/elite-shop-bootstrap/images/payment-card/card-3.jpg]
[demo.themefisher.com/elite-shop-bootstrap/plugins/zoom-master/jquery.zoom.min.js]
[demo.themefisher.com/elite-shop-bootstrap/plugins/bootstrap-touchspin-master/jquery.bootstrap-touchspin.min.js]
[cdnjs.cloudflare.com/ajax/libs/filterizr/2.2.4/vanilla.filterizr.min.js]
[demo.themefisher.com/elite-shop-bootstrap/plugins/nice-select/jquery.nice-select.min.js]
[demo.themefisher.com/elite-shop-bootstrap/plugins/bootstrap-slider/bootstrap-slider.min.js]
[demo.themefisher.com/elite-shop-bootstrap/plugins/google-map/gmap.js]
[demo.themefisher.com/elite-shop-bootstrap/js/script.js]
[demo.themefisher.com/elite-shop-bootstrap/plugins/themify-icons/fonts/themify9f24.eot]
[demo.themefisher.com/elite-shop-bootstrap/plugins/themify-icons/fonts/themifyd41d.eot]
[demo.themefisher.com/elite-shop-bootstrap/plugins/themify-icons/fonts/themify9f24.woff]
[demo.themefisher.com/elite-shop-bootstrap/plugins/themify-icons/fonts/themify9f24.ttf]
[demo.themefisher.com/elite-shop-bootstrap/fonts/futuraicg-webfont.woff2]
[demo.themefisher.com/elite-shop-bootstrap/fonts/futuraicg-webfont.woff]
[demo.themefisher.com/elite-shop-bootstrap/images/collection/product-9.jpg]
[demo.themefisher.com/elite-shop-bootstrap/images/product-single/product-sm-1.jpg]
[demo.themefisher.com/elite-shop-bootstrap/images/product-single/product-sm-2.jpg]
[demo.themefisher.com/elite-shop-bootstrap/images/product-single/product-sm-3.jpg]
[demo.themefisher.com/elite-shop-bootstrap/images/payment-card/all-card.png]
[demo.themefisher.com/elite-shop-bootstrap/images/customer/customer-1.jpg]
[demo.themefisher.com/elite-shop-bootstrap/images/customer/customer-2.jpg]
[demo.themefisher.com/elite-shop-bootstrap/order.html]
[demo.themefisher.com/elite-shop-bootstrap/profile-details.html]
[cdn.jsdelivr.net/npm/bootstrap@5.1.3/dist/css/bootstrap.min.css]
[demo.themefisher.com/elite-shop-bootstrap/images/customer/customer-3.jpg]
[demo.themefisher.com/elite-shop-bootstrap/images/about/product.jpg]
[demo.themefisher.com/elite-shop-bootstrap/images/team/team-member-1.jpg]
[demo.themefisher.com/elite-shop-bootstrap/address.html]
[demo.themefisher.com/elite-shop-bootstrap/plugins/themify-icons/fonts/themify9f24.svg]
[demo.themefisher.com/elite-shop-bootstrap/checkout.html]
[demo.themefisher.com/elite-shop-bootstrap/images/verified.png]
[user-images.githubusercontent.com/17677384/103198484-9ef49480-4912-11eb-954d-5ec749d1df5c.png]
[user-images.githubusercontent.com/17677384/103198516-b3389180-4912-11eb-91cc-dcc4ae2ade49.png]
[user-images.githubusercontent.com/17677384/103198522-bb90cc80-4912-11eb-83d1-b4b98a2ab4c6.png]
